Archive member included because of file (symbol)

c:/winavr/bin/../lib/gcc/avr/4.3.3/avr5\libgcc.a(_udivmodhi4.o)
                              ./Timer.o (__udivmodhi4)
c:/winavr/bin/../lib/gcc/avr/4.3.3/avr5\libgcc.a(_divmodsi4.o)
                              ./Timer.o (__divmodsi4)
c:/winavr/bin/../lib/gcc/avr/4.3.3/avr5\libgcc.a(_exit.o)
                              c:/winavr/bin/../lib/gcc/avr/4.3.3/../../../../avr/lib/avr5/crtm32.o (exit)
c:/winavr/bin/../lib/gcc/avr/4.3.3/avr5\libgcc.a(_clear_bss.o)
                              ./Timer.o (__do_clear_bss)
c:/winavr/bin/../lib/gcc/avr/4.3.3/avr5\libgcc.a(_udivmodsi4.o)
                              c:/winavr/bin/../lib/gcc/avr/4.3.3/avr5\libgcc.a(_divmodsi4.o) (__udivmodsi4)

Memory Configuration

Name             Origin             Length             Attributes
text             0x00000000         0x00020000         xr
data             0x00800060         0x0000ffa0         rw !x
eeprom           0x00810000         0x00010000         rw !x
fuse             0x00820000         0x00000400         rw !x
lock             0x00830000         0x00000400         rw !x
signature        0x00840000         0x00000400         rw !x
*default*        0x00000000         0xffffffff

Linker script and memory map

LOAD c:/winavr/bin/../lib/gcc/avr/4.3.3/../../../../avr/lib/avr5/crtm32.o
LOAD ./DIO_Program.o
LOAD ./Timer.o
LOAD ./main.o
LOAD c:/winavr/bin/../lib/gcc/avr/4.3.3/avr5\libgcc.a
LOAD c:/winavr/bin/../lib/gcc/avr/4.3.3/../../../../avr/lib/avr5\libc.a
LOAD c:/winavr/bin/../lib/gcc/avr/4.3.3/avr5\libgcc.a

.hash
 *(.hash)

.dynsym
 *(.dynsym)

.dynstr
 *(.dynstr)

.gnu.version
 *(.gnu.version)

.gnu.version_d
 *(.gnu.version_d)

.gnu.version_r
 *(.gnu.version_r)

.rel.init
 *(.rel.init)

.rela.init
 *(.rela.init)

.rel.text
 *(.rel.text)
 *(.rel.text.*)
 *(.rel.gnu.linkonce.t*)

.rela.text
 *(.rela.text)
 *(.rela.text.*)
 *(.rela.gnu.linkonce.t*)

.rel.fini
 *(.rel.fini)

.rela.fini
 *(.rela.fini)

.rel.rodata
 *(.rel.rodata)
 *(.rel.rodata.*)
 *(.rel.gnu.linkonce.r*)

.rela.rodata
 *(.rela.rodata)
 *(.rela.rodata.*)
 *(.rela.gnu.linkonce.r*)

.rel.data
 *(.rel.data)
 *(.rel.data.*)
 *(.rel.gnu.linkonce.d*)

.rela.data
 *(.rela.data)
 *(.rela.data.*)
 *(.rela.gnu.linkonce.d*)

.rel.ctors
 *(.rel.ctors)

.rela.ctors
 *(.rela.ctors)

.rel.dtors
 *(.rel.dtors)

.rela.dtors
 *(.rela.dtors)

.rel.got
 *(.rel.got)

.rela.got
 *(.rela.got)

.rel.bss
 *(.rel.bss)

.rela.bss
 *(.rela.bss)

.rel.plt
 *(.rel.plt)

.rela.plt
 *(.rela.plt)

.text           0x00000000      0xf44
 *(.vectors)
 .vectors       0x00000000       0x54 c:/winavr/bin/../lib/gcc/avr/4.3.3/../../../../avr/lib/avr5/crtm32.o
                0x00000000                __vectors
                0x00000000                __vector_default
 *(.vectors)
 *(.progmem.gcc*)
 *(.progmem*)
                0x00000054                . = ALIGN (0x2)
                0x00000054                __trampolines_start = .
 *(.trampolines)
 .trampolines   0x00000054        0x0 linker stubs
 *(.trampolines*)
                0x00000054                __trampolines_end = .
 *(.jumptables)
 *(.jumptables*)
 *(.lowtext)
 *(.lowtext*)
                0x00000054                __ctors_start = .
 *(.ctors)
                0x00000054                __ctors_end = .
                0x00000054                __dtors_start = .
 *(.dtors)
                0x00000054                __dtors_end = .
 SORT(*)(.ctors)
 SORT(*)(.dtors)
 *(.init0)
 .init0         0x00000054        0x0 c:/winavr/bin/../lib/gcc/avr/4.3.3/../../../../avr/lib/avr5/crtm32.o
                0x00000054                __init
 *(.init0)
 *(.init1)
 *(.init1)
 *(.init2)
 .init2         0x00000054        0xc c:/winavr/bin/../lib/gcc/avr/4.3.3/../../../../avr/lib/avr5/crtm32.o
 *(.init2)
 *(.init3)
 *(.init3)
 *(.init4)
 .init4         0x00000060       0x10 c:/winavr/bin/../lib/gcc/avr/4.3.3/avr5\libgcc.a(_clear_bss.o)
                0x00000060                __do_clear_bss
 *(.init4)
 *(.init5)
 *(.init5)
 *(.init6)
 *(.init6)
 *(.init7)
 *(.init7)
 *(.init8)
 *(.init8)
 *(.init9)
 .init9         0x00000070        0x8 c:/winavr/bin/../lib/gcc/avr/4.3.3/../../../../avr/lib/avr5/crtm32.o
 *(.init9)
 *(.text)
 .text          0x00000078        0x4 c:/winavr/bin/../lib/gcc/avr/4.3.3/../../../../avr/lib/avr5/crtm32.o
                0x00000078                __vector_1
                0x00000078                __vector_12
                0x00000078                __bad_interrupt
                0x00000078                __vector_6
                0x00000078                __vector_3
                0x00000078                __vector_11
                0x00000078                __vector_13
                0x00000078                __vector_17
                0x00000078                __vector_19
                0x00000078                __vector_7
                0x00000078                __vector_5
                0x00000078                __vector_4
                0x00000078                __vector_9
                0x00000078                __vector_2
                0x00000078                __vector_15
                0x00000078                __vector_8
                0x00000078                __vector_14
                0x00000078                __vector_16
                0x00000078                __vector_18
                0x00000078                __vector_20
 .text          0x0000007c        0x0 ./DIO_Program.o
 .text          0x0000007c        0x0 ./Timer.o
 .text          0x0000007c        0x0 ./main.o
 .text          0x0000007c        0x0 c:/winavr/bin/../lib/gcc/avr/4.3.3/avr5\libgcc.a(_udivmodhi4.o)
 .text          0x0000007c        0x0 c:/winavr/bin/../lib/gcc/avr/4.3.3/avr5\libgcc.a(_divmodsi4.o)
 .text          0x0000007c        0x0 c:/winavr/bin/../lib/gcc/avr/4.3.3/avr5\libgcc.a(_exit.o)
 .text          0x0000007c        0x0 c:/winavr/bin/../lib/gcc/avr/4.3.3/avr5\libgcc.a(_clear_bss.o)
 .text          0x0000007c        0x0 c:/winavr/bin/../lib/gcc/avr/4.3.3/avr5\libgcc.a(_udivmodsi4.o)
                0x0000007c                . = ALIGN (0x2)
 *(.text.*)
 .text.DIO_u8set_pin_value
                0x0000007c      0x1fc ./DIO_Program.o
                0x0000007c                DIO_u8set_pin_value
 .text.DIO_u8set_pin_dir
                0x00000278      0x1fc ./DIO_Program.o
                0x00000278                DIO_u8set_pin_dir
 .text.DIO_u8set_port_value
                0x00000474       0xa8 ./DIO_Program.o
                0x00000474                DIO_u8set_port_value
 .text.DIO_u8set_port_dir
                0x0000051c       0xa8 ./DIO_Program.o
                0x0000051c                DIO_u8set_port_dir
 .text.DIO_u8get_pin_value
                0x000005c4      0x12e ./DIO_Program.o
                0x000005c4                DIO_u8get_pin_value
 .text.DIO_u8Get_port_value
                0x000006f2       0xaa ./DIO_Program.o
                0x000006f2                DIO_u8Get_port_value
 .text.Timer_Start
                0x0000079c       0x9a ./Timer.o
 .text.Timer_Stop
                0x00000836       0x5c ./Timer.o
 .text.Timer_DelayInit
                0x00000892       0x6c ./Timer.o
                0x00000892                Timer_DelayInit
 .text.TIMER_PWMINIT
                0x000008fe       0xdc ./Timer.o
                0x000008fe                TIMER_PWMINIT
 .text.TIMER_PWMRUN
                0x000009da       0x30 ./Timer.o
                0x000009da                TIMER_PWMRUN
 .text.TIMER_PWMSTOP
                0x00000a0a       0x24 ./Timer.o
                0x00000a0a                TIMER_PWMSTOP
 .text.Timer_Delay_MS_Sync
                0x00000a2e       0x78 ./Timer.o
                0x00000a2e                Timer_Delay_MS_Sync
 .text.Timer_Delay_MS_ASync
                0x00000aa6       0xc4 ./Timer.o
                0x00000aa6                Timer_Delay_MS_ASync
 .text.TIMER1_CUSTOM_FREQ_PWM_INIT
                0x00000b6a       0x3a ./Timer.o
                0x00000b6a                TIMER1_CUSTOM_FREQ_PWM_INIT
 .text.TIMER1_CUSTOM_FREQ_PWM_RUN
                0x00000ba4       0x68 ./Timer.o
                0x00000ba4                TIMER1_CUSTOM_FREQ_PWM_RUN
 .text.TIMER_PWMCAPTURE_INIT
                0x00000c0c       0x28 ./Timer.o
                0x00000c0c                TIMER_PWMCAPTURE_INIT
 .text.TIMER_PWMCATCH
                0x00000c34      0x172 ./Timer.o
                0x00000c34                TIMER_PWMCATCH
 .text.__vector_10
                0x00000da6       0x9a ./Timer.o
                0x00000da6                __vector_10
 .text.main     0x00000e40       0x5e ./main.o
                0x00000e40                main
 .text.libgcc   0x00000e9e       0x28 c:/winavr/bin/../lib/gcc/avr/4.3.3/avr5\libgcc.a(_udivmodhi4.o)
                0x00000e9e                __udivmodhi4
 .text.libgcc   0x00000ec6       0x36 c:/winavr/bin/../lib/gcc/avr/4.3.3/avr5\libgcc.a(_divmodsi4.o)
                0x00000ec6                __divmodsi4
 .text.libgcc   0x00000efc        0x0 c:/winavr/bin/../lib/gcc/avr/4.3.3/avr5\libgcc.a(_exit.o)
 .text.libgcc   0x00000efc        0x0 c:/winavr/bin/../lib/gcc/avr/4.3.3/avr5\libgcc.a(_clear_bss.o)
 .text.libgcc   0x00000efc       0x44 c:/winavr/bin/../lib/gcc/avr/4.3.3/avr5\libgcc.a(_udivmodsi4.o)
                0x00000efc                __udivmodsi4
                0x00000f40                . = ALIGN (0x2)
 *(.fini9)
 .fini9         0x00000f40        0x0 c:/winavr/bin/../lib/gcc/avr/4.3.3/avr5\libgcc.a(_exit.o)
                0x00000f40                exit
                0x00000f40                _exit
 *(.fini9)
 *(.fini8)
 *(.fini8)
 *(.fini7)
 *(.fini7)
 *(.fini6)
 *(.fini6)
 *(.fini5)
 *(.fini5)
 *(.fini4)
 *(.fini4)
 *(.fini3)
 *(.fini3)
 *(.fini2)
 *(.fini2)
 *(.fini1)
 *(.fini1)
 *(.fini0)
 .fini0         0x00000f40        0x4 c:/winavr/bin/../lib/gcc/avr/4.3.3/avr5\libgcc.a(_exit.o)
 *(.fini0)
                0x00000f44                _etext = .

.data           0x00800060        0x0 load address 0x00000f44
                0x00800060                PROVIDE (__data_start, .)
 *(.data)
 .data          0x00800060        0x0 c:/winavr/bin/../lib/gcc/avr/4.3.3/../../../../avr/lib/avr5/crtm32.o
 .data          0x00800060        0x0 ./DIO_Program.o
 .data          0x00800060        0x0 ./Timer.o
 .data          0x00800060        0x0 ./main.o
 .data          0x00800060        0x0 c:/winavr/bin/../lib/gcc/avr/4.3.3/avr5\libgcc.a(_udivmodhi4.o)
 .data          0x00800060        0x0 c:/winavr/bin/../lib/gcc/avr/4.3.3/avr5\libgcc.a(_divmodsi4.o)
 .data          0x00800060        0x0 c:/winavr/bin/../lib/gcc/avr/4.3.3/avr5\libgcc.a(_exit.o)
 .data          0x00800060        0x0 c:/winavr/bin/../lib/gcc/avr/4.3.3/avr5\libgcc.a(_clear_bss.o)
 .data          0x00800060        0x0 c:/winavr/bin/../lib/gcc/avr/4.3.3/avr5\libgcc.a(_udivmodsi4.o)
 *(.data*)
 *(.rodata)
 *(.rodata*)
 *(.gnu.linkonce.d*)
                0x00800060                . = ALIGN (0x2)
                0x00800060                _edata = .
                0x00800060                PROVIDE (__data_end, .)

.bss            0x00800060        0xf
                0x00800060                PROVIDE (__bss_start, .)
 *(.bss)
 .bss           0x00800060        0x0 c:/winavr/bin/../lib/gcc/avr/4.3.3/../../../../avr/lib/avr5/crtm32.o
 .bss           0x00800060        0x0 ./DIO_Program.o
 .bss           0x00800060        0x0 ./Timer.o
 .bss           0x00800060        0x0 ./main.o
 .bss           0x00800060        0x0 c:/winavr/bin/../lib/gcc/avr/4.3.3/avr5\libgcc.a(_udivmodhi4.o)
 .bss           0x00800060        0x0 c:/winavr/bin/../lib/gcc/avr/4.3.3/avr5\libgcc.a(_divmodsi4.o)
 .bss           0x00800060        0x0 c:/winavr/bin/../lib/gcc/avr/4.3.3/avr5\libgcc.a(_exit.o)
 .bss           0x00800060        0x0 c:/winavr/bin/../lib/gcc/avr/4.3.3/avr5\libgcc.a(_clear_bss.o)
 .bss           0x00800060        0x0 c:/winavr/bin/../lib/gcc/avr/4.3.3/avr5\libgcc.a(_udivmodsi4.o)
 *(.bss*)
 .bss.PTRFUNC_TIMER0_ISR
                0x00800060        0x2 ./Timer.o
 .bss.PTRFUNC_TIMER1_ISR
                0x00800062        0x2 ./Timer.o
 .bss.PTRFUNC_TIMER2_ISR
                0x00800064        0x2 ./Timer.o
 .bss.COPY_STATIC_Timer0_Prescalar
                0x00800066        0x1 ./Timer.o
 .bss.COPY_STATIC_Timer1_Prescalar
                0x00800067        0x1 ./Timer.o
 .bss.COPY_STATIC_Timer2_Prescalar
                0x00800068        0x1 ./Timer.o
 .bss.COPY_STATIC_TIMER0_DELAYPERIOD
                0x00800069        0x2 ./Timer.o
 .bss.COPY_STATIC_TIMER1_DELAYPERIOD
                0x0080006b        0x2 ./Timer.o
 .bss.COPY_STATIC_TIMER2_DELAYPERIOD
                0x0080006d        0x2 ./Timer.o
 *(COMMON)
                0x0080006f                PROVIDE (__bss_end, .)
                0x00000f44                __data_load_start = LOADADDR (.data)
                0x00000f44                __data_load_end = (__data_load_start + SIZEOF (.data))

.noinit         0x0080006f        0x0
                0x0080006f                PROVIDE (__noinit_start, .)
 *(.noinit*)
                0x0080006f                PROVIDE (__noinit_end, .)
                0x0080006f                _end = .
                0x0080006f                PROVIDE (__heap_start, .)

.eeprom         0x00810000        0x0
 *(.eeprom*)
                0x00810000                __eeprom_end = .

.fuse
 *(.fuse)
 *(.lfuse)
 *(.hfuse)
 *(.efuse)

.lock
 *(.lock*)

.signature
 *(.signature*)

.stab           0x00000000     0x1284
 *(.stab)
 .stab          0x00000000      0x708 ./DIO_Program.o
 .stab          0x00000708      0x828 ./Timer.o
                                0x8b8 (size before relaxing)
 .stab          0x00000f30      0x354 ./main.o
                                0x3e4 (size before relaxing)

.stabstr        0x00000000      0xc4b
 *(.stabstr)
 .stabstr       0x00000000      0xc4b ./DIO_Program.o

.stab.excl
 *(.stab.excl)

.stab.exclstr
 *(.stab.exclstr)

.stab.index
 *(.stab.index)

.stab.indexstr
 *(.stab.indexstr)

.comment
 *(.comment)

.debug
 *(.debug)

.line
 *(.line)

.debug_srcinfo
 *(.debug_srcinfo)

.debug_sfnames
 *(.debug_sfnames)

.debug_aranges
 *(.debug_aranges)

.debug_pubnames
 *(.debug_pubnames)

.debug_info
 *(.debug_info)
 *(.gnu.linkonce.wi.*)

.debug_abbrev
 *(.debug_abbrev)

.debug_line
 *(.debug_line)

.debug_frame
 *(.debug_frame)

.debug_str
 *(.debug_str)

.debug_loc
 *(.debug_loc)

.debug_macinfo
 *(.debug_macinfo)
OUTPUT(TIMERS.elf elf32-avr)
LOAD linker stubs
